__hash:P
_hash:sb
_meta:Za
_next:kb
_rest:fc
_seq:Db
afn:J
afterRender:Pb
arr:u
auto_run:$a
base:hc
beforeFlush:Qb
bitmap:da
buf:ic
buffer_:lb
captured:jc
caught:kc
chunk:Ea
cljs$core$APersistentVector$:lc
cljs$core$Fn$:Tc
cljs$core$IAssociative$:Uc
cljs$core$IAssociative$_assoc$arity$3:ab
cljs$core$IAssociative$_contains_key_QMARK_$arity$2:mb
cljs$core$IChunk$_drop_first$arity$1:Ac
cljs$core$IChunkedNext$_chunked_next$arity$1:Bc
cljs$core$IChunkedSeq$:ud
cljs$core$IChunkedSeq$_chunked_first$arity$1:mc
cljs$core$IChunkedSeq$_chunked_rest$arity$1:Sb
cljs$core$ICollection$:vd
cljs$core$ICollection$_conj$arity$2:oa
cljs$core$ICounted$:Cc
cljs$core$ICounted$_count$arity$1:la
cljs$core$IDeref$_deref$arity$1:gb
cljs$core$IDrop$:wd
cljs$core$IDrop$_drop$arity$2:nb
cljs$core$IEditableCollection$:Vc
cljs$core$IEditableCollection$_as_transient$arity$1:tb
cljs$core$IEmptyableCollection$:Wc
cljs$core$IEmptyableCollection$_empty$arity$1:ma
cljs$core$IEncodeJS$:Xc
cljs$core$IEncodeJS$_clj__GT_js$arity$1:Yc
cljs$core$IEquiv$_equiv$arity$2:fa
cljs$core$IFind$_find$arity$2:ub
cljs$core$IFn$:xd
cljs$core$IFn$_invoke$arity$0:O
cljs$core$IFn$_invoke$arity$1:g
cljs$core$IFn$_invoke$arity$10:Fa
cljs$core$IFn$_invoke$arity$11:Ga
cljs$core$IFn$_invoke$arity$12:Ha
cljs$core$IFn$_invoke$arity$13:Ia
cljs$core$IFn$_invoke$arity$14:Ja
cljs$core$IFn$_invoke$arity$15:Ka
cljs$core$IFn$_invoke$arity$16:La
cljs$core$IFn$_invoke$arity$17:Ma
cljs$core$IFn$_invoke$arity$18:Na
cljs$core$IFn$_invoke$arity$19:Oa
cljs$core$IFn$_invoke$arity$2:j
cljs$core$IFn$_invoke$arity$20:Pa
cljs$core$IFn$_invoke$arity$21:Eb
cljs$core$IFn$_invoke$arity$3:B
cljs$core$IFn$_invoke$arity$4:U
cljs$core$IFn$_invoke$arity$5:Y
cljs$core$IFn$_invoke$arity$6:Ba
cljs$core$IFn$_invoke$arity$7:Qa
cljs$core$IFn$_invoke$arity$8:Ca
cljs$core$IFn$_invoke$arity$9:Ra
cljs$core$IFn$_invoke$arity$variadic:N
cljs$core$IHash$:yd
cljs$core$IHash$_hash$arity$1:ga
cljs$core$IIndexed$:Dc
cljs$core$IIndexed$_nth$arity$2:ea
cljs$core$IIndexed$_nth$arity$3:Da
cljs$core$IIterable$:zd
cljs$core$IIterable$_iterator$arity$1:Sa
cljs$core$IKVReduce$:Zc
cljs$core$IKVReduce$_kv_reduce$arity$3:Fb
cljs$core$IList$:Ad
cljs$core$ILookup$:$c
cljs$core$ILookup$_lookup$arity$2:xa
cljs$core$ILookup$_lookup$arity$3:ba
cljs$core$IMap$:Bd
cljs$core$IMap$_dissoc$arity$2:nc
cljs$core$IMapEntry$:Cd
cljs$core$IMapEntry$_key$arity$1:ad
cljs$core$IMapEntry$_val$arity$1:bd
cljs$core$IMeta$:cd
cljs$core$IMeta$_meta$arity$1:ja
cljs$core$INamed$:Ec
cljs$core$INext$:Ib
cljs$core$INext$_next$arity$1:ya
cljs$core$IPrintWithWriter$:na
cljs$core$IPrintWithWriter$_pr_writer$arity$3:ha
cljs$core$IRecord$:Dd
cljs$core$IReduce$:dd
cljs$core$IReduce$_reduce$arity$2:ua
cljs$core$IReduce$_reduce$arity$3:va
cljs$core$IReset$_reset_BANG_$arity$2:Ua
cljs$core$ISeq$:vb
cljs$core$ISeq$_first$arity$1:za
cljs$core$ISeq$_rest$arity$1:Aa
cljs$core$ISeqable$:ed
cljs$core$ISeqable$_seq$arity$1:ia
cljs$core$ISequential$:Fc
cljs$core$ISet$:Ed
cljs$core$ISet$_disjoin$arity$2:Gc
cljs$core$IStack$_peek$arity$1:wb
cljs$core$IStack$_pop$arity$1:xb
cljs$core$ISwap$_swap_BANG_$arity$2:oc
cljs$core$ISwap$_swap_BANG_$arity$3:pc
cljs$core$ISwap$_swap_BANG_$arity$4:qc
cljs$core$ISwap$_swap_BANG_$arity$5:rc
cljs$core$ITransientAssociative$_assoc_BANG_$arity$3:yb
cljs$core$ITransientCollection$_conj_BANG_$arity$2:zb
cljs$core$ITransientCollection$_persistent_BANG_$arity$1:Jb
cljs$core$IVector$:Fd
cljs$core$IVector$_assoc_n$arity$3:ob
cljs$core$IWatchable$_add_watch$arity$3:Tb
cljs$core$IWatchable$_notify_watches$arity$3:sc
cljs$core$IWatchable$_remove_watch$arity$2:Ub
cljs$core$IWithMeta$_with_meta$arity$2:ka
cljs$core$IWriter$_write$arity$2:Hc
cljs$lang$applyTo:Z
cljs$lang$ctorPrWriter:fd
cljs$lang$ctorStr:Vb
cljs$lang$maxFixedArity:aa
cljs$lang$protocol_mask$partition$:Ic
cljs$lang$protocol_mask$partition0$:F
cljs$lang$protocol_mask$partition1$:R
cljs$lang$type:Jc
cljsDOMValue:Wb
cljsInputDirty:Kc
cljsInputLive:tc
cljsLegacyRender:gd
cljsMountOrder:uc
cljsRenderedValue:hd
cljsState:jd
cnt:G
collision_hash:cb
componentQueue:Xb
custom:kd
dirty_QMARK_:hb
edit:ca
editable_QMARK_:Ab
ensure_editable:pb
fn_to_element:Lc
fqn:Ta
hasNext:pa
has_nil_QMARK_:qa
hash_map:eb
inode_assoc:Va
inode_assoc_BANG_:Wa
inode_find:Kb
inode_lookup:ib
inode_seq:Lb
inode_without:Mb
inputEl:vc
iter:Bb
kv_reduce:Nb
meta:I
meta6551:md
meta8969:nd
more:Xa
mseq:W
next_entry:Ob
next_iter:Ya
nil_val:ra
nocache_QMARK_:Mc
ns:Cb
on_dispose:Nc
on_dispose_arr:Gd
on_set:od
opts:pd
parse_fn:ac
reagent$impl$protocols$Compiler$as_element$arity$2:Oc
reagent$impl$protocols$Compiler$get_id$arity$1:rd
reagent$impl$protocols$Compiler$make_element$arity$5:Pc
reagent$impl$protocols$Compiler$parse_tag$arity$3:Qc
reagent$ratom$IDisposable$dispose_BANG_$arity$1:wc
reagentInput:sd
reagentRefFn:Rc
reagentRender:jb
rest:fb
root_iter:Sc
sb:td
scheduled_QMARK_:ec
seen:xc
sifting_ui:K
tail:wa
transient_map:qb
validator:yc
vec:sa
watches:ta
watchesArr:zc
watching:rb
