G__8957$jscomp$inline_830:uj
G__8958$jscomp$inline_831:vj
JSCompiler_StaticMethods_assoc_BANG_:cf
JSCompiler_StaticMethods_cljs$core$ITransientVector$_assoc_n_BANG_$arity$3:ke
JSCompiler_StaticMethods_sval:ad
JSCompiler_prototypeAlias:g
L 0:a
L 1:b
L 10:n
L 11:p
L 12:q
L 13:r
L 14:w
L 15:z
L 16:C
L 17:E
L 18:K
L 19:Q
L 2:c
L 20:Z
L 21:oa
L 22:Qc
L 3:d
L 4:e
L 5:f
L 6:h
L 7:k
L 8:l
L 9:m
cljs$core$ArrayChunk:cd
cljs$core$ArrayNode:Le
cljs$core$ArrayNodeIterator:Ke
cljs$core$ArrayNodeSeq:We
cljs$core$Atom:Dd
cljs$core$BitmapIndexedNode:Je
cljs$core$BitmapIndexedNode$EMPTY:Re
cljs$core$Box:De
cljs$core$ChunkBuffer:bd
cljs$core$ChunkedCons:dd
cljs$core$ChunkedSeq:ae
cljs$core$Cons:Yc
cljs$core$ES6EntriesIterator:oe
cljs$core$ES6Iterator:Tb
cljs$core$ES6IteratorSeq:Vb
cljs$core$ES6SetEntriesIterator:qe
cljs$core$EmptyList:Xc
cljs$core$Fn:ya
cljs$core$HashCollisionNode:Ne
cljs$core$HashMapIter:$e
cljs$core$HashSetIter:lf
cljs$core$IAssociative:La
cljs$core$ICollection:Ea
cljs$core$ICounted:Aa
cljs$core$IEmptyableCollection:Ca
cljs$core$IEncodeJS:Mf
cljs$core$IFn:za
cljs$core$IIndexed:Ga
cljs$core$IIndexed$_nth$dyn_7622:li
cljs$core$IIterable:yb
cljs$core$IKVReduce:cb
cljs$core$IList:jb
cljs$core$ILookup:Ka
cljs$core$ILookup$_lookup$dyn_7628:mi
cljs$core$IMap:Pa
cljs$core$IMeta:Za
cljs$core$INIT:yd
cljs$core$INext:Ja
cljs$core$IPrintWithWriter:lb
cljs$core$IRecord:kb
cljs$core$IReduce:bb
cljs$core$IReduce$_reduce$dyn_7649:ni
cljs$core$ISeq:Ha
cljs$core$ISeqable:gb
cljs$core$ISequential:ib
cljs$core$ISet:Ta
cljs$core$ISwap$_swap_BANG_$dyn_7751:pi
cljs$core$ITER_SYMBOL:Pb
cljs$core$IVector:Xa
cljs$core$IndexedSeq:H
cljs$core$IndexedSeqIterator:kc
cljs$core$KeySeq:df
cljs$core$Keyword:V
cljs$core$LazySeq:$c
cljs$core$List:Wc
cljs$core$List$EMPTY:Rb
cljs$core$MapEntry:se
cljs$core$MetaFn:sc
cljs$core$NeverEquiv:le
cljs$core$NodeIterator:Ie
cljs$core$NodeSeq:Se
cljs$core$PROTOCOL_SENTINEL:G
cljs$core$PersistentArrayMap:u
cljs$core$PersistentArrayMap$EMPTY:vd
cljs$core$PersistentArrayMap$HASHMAP_THRESHOLD:yi
cljs$core$PersistentArrayMap$createAsIfByAssoc:ud
cljs$core$PersistentArrayMap$createAsIfByAssocComplexPath:ye
cljs$core$PersistentArrayMapIterator:ue
cljs$core$PersistentArrayMapSeq:te
cljs$core$PersistentHashMap:af
cljs$core$PersistentHashMap$EMPTY:Be
cljs$core$PersistentHashSet:mf
cljs$core$PersistentHashSet$EMPTY:of
cljs$core$PersistentVector:W
cljs$core$PersistentVector$EMPTY:Zd
cljs$core$PersistentVector$EMPTY_NODE:Ud
cljs$core$PersistentVector$fromArray:Vd
cljs$core$RangedIterator:Qd
cljs$core$Reduced:Zb
cljs$core$START:ti
cljs$core$SeqIter:zd
cljs$core$StringBufferWriter:Bb
cljs$core$Subvec:ee
cljs$core$Symbol:Nb
cljs$core$TransientArrayMap:Ae
cljs$core$TransientHashMap:bf
cljs$core$TransientHashSet:nf
cljs$core$TransientVector:je
cljs$core$ValSeq:ff
cljs$core$VectorNode:Id
cljs$core$_EQ_:O
cljs$core$_STAR_print_level_STAR_:rf
cljs$core$__destructure_map:wd
cljs$core$_add_watch:ob
cljs$core$_as_transient:qb
cljs$core$_assoc:Na
cljs$core$_assoc_BANG_:tb
cljs$core$_assoc_n:Ya
cljs$core$_chunked_first:vb
cljs$core$_chunked_rest:wb
cljs$core$_clj__GT_js:Nf
cljs$core$_conj:Fa
cljs$core$_conj_BANG_:rb
cljs$core$_contains_key_QMARK_:Ma
cljs$core$_count:Ba
cljs$core$_deref:D
cljs$core$_disjoin:Ua
cljs$core$_dissoc:Qa
cljs$core$_drop:Ab
cljs$core$_drop_first:ub
cljs$core$_empty:Da
cljs$core$_equiv:eb
cljs$core$_find:Oa
cljs$core$_first:B
cljs$core$_hash:fb
cljs$core$_indexOf$cljs$0core$0IFn$0_invoke$0arity$03:P
cljs$core$_iterator:zb
cljs$core$_key:Ra
cljs$core$_kv_reduce:db
cljs$core$_lastIndexOf$cljs$0core$0IFn$0_invoke$0arity$03:R
cljs$core$_lookup:qc
cljs$core$_meta:$a
cljs$core$_nth:S
cljs$core$_peek:Va
cljs$core$_persistent_BANG_:sb
cljs$core$_pop:Wa
cljs$core$_pr_writer:mb
cljs$core$_reduce:Oc
cljs$core$_remove_watch:pb
cljs$core$_reset_BANG_:xb
cljs$core$_rest:Ia
cljs$core$_seq:hb
cljs$core$_swap_BANG_:oi
cljs$core$_val:Sa
cljs$core$_with_meta:ab
cljs$core$_write:F
cljs$core$aclone:ta
cljs$core$apply:sd
cljs$core$apply$cljs$0core$0IFn$0_invoke$0arity$02:nd
cljs$core$apply$cljs$0core$0IFn$0_invoke$0arity$03:od
cljs$core$apply$cljs$0core$0IFn$0_invoke$0arity$05:qd
cljs$core$apply$cljs$0core$0IFn$0_invoke$0arity$0variadic:rd
cljs$core$apply_to:hd
cljs$core$apply_to_simple$cljs$0core$0IFn$0_invoke$0arity$03:kd
cljs$core$apply_to_simple$cljs$0core$0IFn$0_invoke$0arity$04:jd
cljs$core$apply_to_simple$cljs$0core$0IFn$0_invoke$0arity$05:ld
cljs$core$apply_to_simple$cljs$0core$0IFn$0_invoke$0arity$06:md
cljs$core$array_QMARK_:qa
cljs$core$array__GT_transient_hash_map:Ce
cljs$core$array_copy:Dc
cljs$core$array_for:Pd
cljs$core$array_index_of:re
cljs$core$array_reduce$cljs$0core$0IFn$0_invoke$0arity$02:dc
cljs$core$array_reduce$cljs$0core$0IFn$0_invoke$0arity$03:ec
cljs$core$array_reduce$cljs$0core$0IFn$0_invoke$0arity$04:fc
cljs$core$assoc:X
cljs$core$bit_count:Uc
cljs$core$boolean$0:Ec
cljs$core$bounded_count:gd
cljs$core$build_subvec:fe
cljs$core$char_escapes:vf
cljs$core$chunk_append:fd
cljs$core$chunk_cons:ed
cljs$core$chunked_seq:de
cljs$core$chunked_seq$cljs$0core$0IFn$0_invoke$0arity$04:be
cljs$core$chunked_seq$cljs$0core$0IFn$0_invoke$0arity$05:ce
cljs$core$chunked_seq_QMARK_:Cc
cljs$core$ci_reduce$cljs$0core$0IFn$0_invoke$0arity$02:bc
cljs$core$ci_reduce$cljs$0core$0IFn$0_invoke$0arity$03:cc
cljs$core$clj__GT_js:Bh
cljs$core$clone_and_set$cljs$0core$0IFn$0_invoke$0arity$03:Ee
cljs$core$coll_QMARK_:wc
cljs$core$conj:Yf
cljs$core$cons:U
cljs$core$contains_QMARK_:Ic
cljs$core$count:N
cljs$core$counted_QMARK_:gc
cljs$core$create_array_node_seq:Ze
cljs$core$create_array_node_seq$cljs$0core$0IFn$0_invoke$0arity$01:Xe
cljs$core$create_array_node_seq$cljs$0core$0IFn$0_invoke$0arity$03:Ye
cljs$core$create_inode_seq:Ve
cljs$core$create_inode_seq$cljs$0core$0IFn$0_invoke$0arity$01:Te
cljs$core$create_inode_seq$cljs$0core$0IFn$0_invoke$0arity$03:Ue
cljs$core$create_node:Qe
cljs$core$create_node$cljs$0core$0IFn$0_invoke$0arity$06:Oe
cljs$core$create_node$cljs$0core$0IFn$0_invoke$0arity$07:Pe
cljs$core$deref:ac
cljs$core$disj:si
cljs$core$dissoc:yg
cljs$core$do_assoc:vi
cljs$core$drop$cljs$0core$0IFn$0_invoke$0arity$02:Fd
cljs$core$drop_last$cljs$0core$0IFn$0_invoke$0arity$02:Hd
cljs$core$edit_and_set$cljs$0core$0IFn$0_invoke$0arity$04:Ge
cljs$core$empty_QMARK_:vc
cljs$core$empty_ordered_hash:qi
cljs$core$empty_unordered_hash:ri
cljs$core$equiv_map:ne
cljs$core$equiv_sequential:Vc
cljs$core$es6_entries_iterator:pe
cljs$core$es6_iterator:Ub
cljs$core$es6_iterator_seq:Qb
cljs$core$every_QMARK_:Ad
cljs$core$first:J
cljs$core$fn_QMARK_:rc
cljs$core$gensym$cljs$0core$0IFn$0_invoke$0arity$01:Lf
cljs$core$gensym_counter:Jf
cljs$core$get:pc
cljs$core$get$cljs$0core$0IFn$0_invoke$0arity$02:nc
cljs$core$get$cljs$0core$0IFn$0_invoke$0arity$03:oc
cljs$core$hash:Lb
cljs$core$hash_collision_node_find_index:Me
cljs$core$hash_combine:Mb
cljs$core$hash_ordered_coll:Wb
cljs$core$hash_string:Kb
cljs$core$hash_unordered_coll:Xb
cljs$core$identity:Rc
cljs$core$ifn_QMARK_:Fc
cljs$core$imul:Db
cljs$core$inc:Yb
cljs$core$indexed_QMARK_:hc
cljs$core$inode_kv_reduce:He
cljs$core$integer_QMARK_:Gc
cljs$core$into:ze
cljs$core$into_array$cljs$0core$0IFn$0_invoke$0arity$01:va
cljs$core$into_array$cljs$0core$0IFn$0_invoke$0arity$02:ua
cljs$core$iter_reduce$cljs$0core$0IFn$0_invoke$0arity$02:Lc
cljs$core$iter_reduce$cljs$0core$0IFn$0_invoke$0arity$03:Mc
cljs$core$iterable_QMARK_:Ob
cljs$core$keep$cljs$0core$0IFn$0_invoke$0arity$02:Cd
cljs$core$key:Xd
cljs$core$key__GT_js$cljs$0core$0IFn$0_invoke$0arity$02:Of
cljs$core$key_test:ve
cljs$core$keys:ef
cljs$core$keyword:zf
cljs$core$lift_ns:Hf
cljs$core$linear_traversal_nth$cljs$0core$0IFn$0_invoke$0arity$03:mc
cljs$core$lookup_sentinel:Hc
cljs$core$m3_fmix:Gb
cljs$core$m3_hash_unencoded_chars:Hb
cljs$core$m3_mix_H1:Fb
cljs$core$m3_mix_K1:Eb
cljs$core$map:Gd
cljs$core$map_QMARK_:zc
cljs$core$map_entry_QMARK_:Wd
cljs$core$merge:dh
cljs$core$meta:uc
cljs$core$missing_protocol:y
cljs$core$name:Y
cljs$core$namespace:Zc
cljs$core$native_satisfies_QMARK_:x
cljs$core$never_equiv:me
cljs$core$new_path:Md
cljs$core$next:M
cljs$core$next_STAR_:id
cljs$core$not:ra
cljs$core$nth:jc
cljs$core$nth$cljs$0core$0IFn$0_invoke$0arity$02:ic
cljs$core$nth$cljs$0core$0IFn$0_invoke$0arity$03:T
cljs$core$pam_grow_seed_array:xe
cljs$core$pam_new_size:we
cljs$core$pop_tail:wi
cljs$core$pr_opts:pa
cljs$core$pr_sequential_writer:tf
cljs$core$pr_str_STAR_:Cb
cljs$core$pr_str_with_opts:Ef
cljs$core$pr_writer:yf
cljs$core$pr_writer_impl:Bf
cljs$core$prim_seq$cljs$0core$0IFn$0_invoke$0arity$02:lc
cljs$core$print_map:Af
cljs$core$print_meta_QMARK_:xf
cljs$core$print_prefix_map:If
cljs$core$push_tail:ui
cljs$core$pv_clone_node:Kd
cljs$core$pv_fresh_node:Jd
cljs$core$pv_reduce$cljs$0core$0IFn$0_invoke$0arity$04:Td
cljs$core$pv_reduce$cljs$0core$0IFn$0_invoke$0arity$05:Sd
cljs$core$quot:Tc
cljs$core$quote_string:wf
cljs$core$ranged_iterator:Rd
cljs$core$re_matches:qf
cljs$core$record_QMARK_:Ac
cljs$core$reduce:xa
cljs$core$reduce$cljs$0core$0IFn$0_invoke$0arity$02:Nc
cljs$core$reduce$cljs$0core$0IFn$0_invoke$0arity$03:wa
cljs$core$reduce_kv:Pc
cljs$core$reduced_QMARK_:$b
cljs$core$remove_pair:Fe
cljs$core$reset_BANG_:Ed
cljs$core$rest:Sb
cljs$core$select_keys:kf
cljs$core$seq:I
cljs$core$seq_reduce$cljs$0core$0IFn$0_invoke$0arity$02:Jc
cljs$core$seq_reduce$cljs$0core$0IFn$0_invoke$0arity$03:Kc
cljs$core$sequential_QMARK_:yc
cljs$core$set:pf
cljs$core$set_QMARK_:xc
cljs$core$some:Bd
cljs$core$spread:td
cljs$core$str:A
cljs$core$string_hash_cache:Jb
cljs$core$string_hash_cache_count:Ib
cljs$core$strip_ns:Gf
cljs$core$swap_BANG_:Kf
cljs$core$symbol:Ff
cljs$core$t_cljs$0core6550:xd
cljs$core$tail_off:Ld
cljs$core$transduce$cljs$0core$0IFn$0_invoke$0arity$04:Sc
cljs$core$truth_:v
cljs$core$tv_editable_root:he
cljs$core$tv_editable_tail:ie
cljs$core$tv_ensure_editable:ge
cljs$core$tv_push_tail:xi
cljs$core$type__GT_str:sa
cljs$core$unchecked_array_for:Od
cljs$core$val:Yd
cljs$core$vals:gf
cljs$core$vec:$d
cljs$core$vector:Qg
cljs$core$vector_QMARK_:Bc
cljs$core$vector_index_out_of_bounds:Nd
cljs$core$with_meta:tc
cljs$core$write_all$cljs$0core$0IFn$0_invoke$0arity$0variadic:uf
cljs$cst$0$flush_on_newline:ja
cljs$cst$1$readably:ka
cljs$cst$105$more_marker:sf
cljs$cst$106$alt_impl:Cf
cljs$cst$107$fallback_impl:Df
cljs$cst$108$val:zi
cljs$cst$126$keyword_fn:Ai
cljs$cst$180$name:cg
cljs$cst$183$class:Lh
cljs$cst$185$key:fg
cljs$cst$187$on_dispose:Jg
cljs$cst$190$auto_run:Hg
cljs$cst$194$on_set:Ig
cljs$cst$195$no_cache:Di
cljs$cst$2$meta:la
cljs$cst$203$shouldComponentUpdate:Gi
cljs$cst$204$componentWillUnmount:Ci
cljs$cst$205$reagentRender:Xg
cljs$cst$206$render:Yg
cljs$cst$207$displayName:Zg
cljs$cst$208$cljsLegacyRender:$g
cljs$cst$209$childContextTypes:Hi
cljs$cst$210$contextTypes:Ki
cljs$cst$211$contextType:Si
cljs$cst$212$getDerivedStateFromProps:Ei
cljs$cst$213$getDerivedStateFromError:Ni
cljs$cst$214$getInitialState:ih
cljs$cst$215$constructor:jh
cljs$cst$216$reagent_render:Hh
cljs$cst$217$on_write:qh
cljs$cst$218$display_name:Pi
cljs$cst$219$component_did_update:Ji
cljs$cst$220$component_will_unmount:Ii
cljs$cst$223$id:Nh
cljs$cst$224$className:Oh
cljs$cst$230$function_components:Qi
cljs$cst$231$parse_tag:Fi
cljs$cst$232$compiler:$h
cljs$cst$233$callback:ai
cljs$cst$234$div_DOT_probe_container:ci
cljs$cst$235$button_DOT_probe_button:di
cljs$cst$236$on_click:ei
cljs$cst$237$div_DOT_probe_questions:fi
cljs$cst$238$h4:gi
cljs$cst$239$ul:hi
cljs$cst$240$li:ii
cljs$cst$244$label:gj
cljs$cst$249$background_color:kj
cljs$cst$254$color:jj
cljs$cst$255$text_outline_width:dj
cljs$cst$256$width:fj
cljs$cst$257$transition_property:bj
cljs$cst$258$transition_duration:mj
cljs$cst$259$height:lj
cljs$cst$260$text_outline_color:oj
cljs$cst$284$mode:ej
cljs$cst$285$exercise:cj
cljs$cst$286$current_exercise_idx:nj
cljs$cst$287$validation_result:hj
cljs$cst$288$cytoscape_instance:ij
cljs$cst$289$selected_node:aj
cljs$cst$3$dup:ma
cljs$cst$4$print_length:na
cljs$cst$47$validator:Oi
cljs$cst$98$cljs_DOT_core_SLASH_not_found:jf
clojure$set$difference:Vi
clojure$string$join$cljs$0core$0IFn$0_invoke$0arity$02:Xf
clojure$string$replace:Wf
clojure$string$replace_all:Uf
clojure$string$replace_with:Vf
clojure$string$split$cljs$0core$0IFn$0_invoke$0arity$03:Zf
cur$jscomp$inline_1119:Yi
fn_to_element$jscomp$inline_806:Li
goog$UID_PROPERTY_:aa
goog$getUid:ca
goog$global:Tf
goog$string$StringBuffer:ia
goog$typeOf:t
goog$uidCounter_:ba
i$jscomp$inline_828:sj
id$jscomp$inline_805:Bi
ks$jscomp$inline_825:pj
len$jscomp$inline_827:rj
main$init:ki
main$probe_component:Yh
module$contents$goog$object_PROTOTYPE_FIELDS:fa
module$contents$goog$object_extend:ha
module$contents$goog$object_get:ea
module$contents$goog$object_getKeys:da
module$node_modules$cytoscape_edgehandles$cytoscape_edgehandles:Xj
module$node_modules$react$index:gh
module$node_modules$react_dom$index:Vh
opts$jscomp$inline_804:Uh
out$jscomp$inline_829:tj
parse_fn$jscomp$inline_807:Mi
part$jscomp$inline_1120:Zi
parts$jscomp$inline_1118:Ri
reagent$dom$render$cljs$0core$0IFn$0_invoke$0arity$02:pd
reagent$dom$render$cljs$0core$0IFn$0_invoke$0arity$03:bi
reagent$dom$render_comp:Xh
reagent$dom$roots:Wh
reagent$impl$batching$RenderQueue:ng
reagent$impl$batching$compare_mount_order:jg
reagent$impl$batching$enqueue:mg
reagent$impl$batching$fake_raf:ig
reagent$impl$batching$mount_count:hh
reagent$impl$batching$next_tick:Ui
reagent$impl$batching$queue_render:pg
reagent$impl$batching$ratom_flush:kg
reagent$impl$batching$render_queue:og
reagent$impl$batching$run_funs:lg
reagent$impl$component$_STAR_current_component_STAR_:ah
reagent$impl$component$built_in_static_method_names:hf
reagent$impl$component$cache_react_class:lh
reagent$impl$component$camelify_map_keys:Wg
reagent$impl$component$cljsify:fh
reagent$impl$component$create_class:kh
reagent$impl$component$custom_wrapper:Ug
reagent$impl$component$dash_to_method_name:Vg
reagent$impl$component$functional_render:nh
reagent$impl$component$functional_render_fn:ph
reagent$impl$component$functional_render_memo_fn:oh
reagent$impl$component$functional_wrap_render:mh
reagent$impl$component$map_to_js:ch
reagent$impl$component$obligatory:eh
reagent$impl$component$props_argv:Og
reagent$impl$component$rat_opts:Lg
reagent$impl$component$reagent_class_QMARK_:Pg
reagent$impl$component$wrap_funs:bh
reagent$impl$component$wrap_render:Rg
reagent$impl$input$_STAR_force_set_dom_value_STAR_:sh
reagent$impl$input$input_component_set_value:th
reagent$impl$input$input_handle_change:vh
reagent$impl$input$input_node_set_value:uh
reagent$impl$input$input_render_setup:wh
reagent$impl$input$input_spec:Ph
reagent$impl$input$these_inputs_have_selection_api:rh
reagent$impl$protocols$as_element:sg
reagent$impl$protocols$get_id:qg
reagent$impl$protocols$make_element:tg
reagent$impl$protocols$parse_tag:rg
reagent$impl$template$HiccupTag:Gh
reagent$impl$template$_STAR_current_default_compiler_STAR_:Zh
reagent$impl$template$cache_get:xh
reagent$impl$template$convert_custom_prop_value:Eh
reagent$impl$template$convert_prop_value:zh
reagent$impl$template$custom_kv_conv:Dh
reagent$impl$template$custom_prop_name_cache:Ch
reagent$impl$template$expand_seq:Rh
reagent$impl$template$function_element:Jh
reagent$impl$template$kv_conv:Ah
reagent$impl$template$make_element:Fh
reagent$impl$template$maybe_function_element:Kh
reagent$impl$template$native_element:Qh
reagent$impl$template$prop_name_cache:yh
reagent$impl$template$re_tag:Wi
reagent$impl$template$reag_element:Ih
reagent$impl$template$t_reagent$0impl$0template8968:Th
reagent$impl$template$tag_name_cache:Xi
reagent$impl$template$vec_to_elem:Sh
reagent$impl$util$_STAR_always_update_STAR_:Tg
reagent$impl$util$capitalize:$f
reagent$impl$util$class_names:Mh
reagent$impl$util$dash_to_prop_name:bg
reagent$impl$util$dont_camel_case:ag
reagent$impl$util$fun_name:dg
reagent$impl$util$get_react_key:gg
reagent$impl$util$is_client:Ti
reagent$impl$util$named_QMARK_:eg
reagent$impl$util$react_key_from_vec:hg
reagent$ratom$RAtom:Cg
reagent$ratom$Reaction:Eg
reagent$ratom$_STAR_ratom_context_STAR_:ug
reagent$ratom$add_w:xg
reagent$ratom$atom:Sg
reagent$ratom$deref_capture:vg
reagent$ratom$dispose_BANG_:Dg
reagent$ratom$flush_BANG_:Gg
reagent$ratom$handle_reaction_change:nb
reagent$ratom$make_reaction:Kg
reagent$ratom$notify_deref_watcher_BANG_:wg
reagent$ratom$notify_w:Ag
reagent$ratom$pr_atom:Bg
reagent$ratom$rea_queue:Fg
reagent$ratom$remove_w:zg
reagent$ratom$run_in_reaction:Ng
reagent$ratom$temp_reaction:Mg
shadow$js$files:Rf
shadow$js$jsRequire:Sf
shadow$js$nativeProvides:Pf
shadow$js$requireStack:Qf
sift:$i
sift$mount:ji
temp__5823__auto__$jscomp$inline_835:wj
vs$jscomp$inline_826:qj
