JSCompiler_StaticMethods_assoc_BANG_:ue
JSCompiler_StaticMethods_cljs$core$ITransientVector$_assoc_n_BANG_$arity$3:yd
JSCompiler_StaticMethods_sval:Jc
JSCompiler_prototypeAlias:g
L 0:a
L 1:b
L 10:n
L 11:p
L 12:q
L 13:r
L 14:y
L 15:A
L 16:C
L 17:F
L 18:K
L 19:Q
L 2:c
L 20:ea
L 21:ua
L 22:Yd
L 3:d
L 4:e
L 5:f
L 6:h
L 7:k
L 8:l
L 9:m
bench$core$bloom:$e
bench$core$main:af
bench$core$virtual_committee:Ze
cljs$core$ArrayChunk:Lc
cljs$core$ArrayNode:ee
cljs$core$ArrayNodeIterator:ie
cljs$core$ArrayNodeSeq:pe
cljs$core$BitmapIndexedNode:ae
cljs$core$BitmapIndexedNode$EMPTY:de
cljs$core$Box:Vd
cljs$core$ChunkBuffer:Kc
cljs$core$ChunkedCons:Mc
cljs$core$ChunkedSeq:ud
cljs$core$Cons:Ec
cljs$core$ES6EntriesIterator:Cd
cljs$core$ES6Iterator:Hb
cljs$core$ES6IteratorSeq:Jb
cljs$core$EmptyList:Dc
cljs$core$HashCollisionNode:me
cljs$core$HashMapIter:re
cljs$core$IAssociative:Ga
cljs$core$ICollection:ya
cljs$core$ICounted:ta
cljs$core$IEmptyableCollection:wa
cljs$core$IEncodeJS:Ne
cljs$core$IIndexed:Aa
cljs$core$IIndexed$_nth$dyn_7279:Ba
cljs$core$IIterable:lb
cljs$core$IKVReduce:Ua
cljs$core$IList:ab
cljs$core$ILookup:Da
cljs$core$ILookup$_lookup$dyn_7285:Fa
cljs$core$IMap:Ja
cljs$core$IMeta:Oa
cljs$core$INext:Ca
cljs$core$IPrintWithWriter:cb
cljs$core$IRecord:bb
cljs$core$IReduce:Ra
cljs$core$IReduce$_reduce$dyn_7302:Ta
cljs$core$ISeqable:Ya
cljs$core$ISequential:$a
cljs$core$ITER_SYMBOL:ra
cljs$core$IVector:Ma
cljs$core$IndexedSeq:M
cljs$core$IndexedSeqIterator:Yb
cljs$core$KeySeq:ve
cljs$core$Keyword:I
cljs$core$LazySeq:Ic
cljs$core$List:cc
cljs$core$List$EMPTY:O
cljs$core$MapEntry:Fd
cljs$core$MetaFn:gc
cljs$core$NeverEquiv:zd
cljs$core$NodeIterator:$d
cljs$core$NodeSeq:ne
cljs$core$PROTOCOL_SENTINEL:u
cljs$core$PersistentArrayMap:v
cljs$core$PersistentArrayMap$EMPTY:$c
cljs$core$PersistentArrayMap$HASHMAP_THRESHOLD:Md
cljs$core$PersistentArrayMap$createAsIfByAssoc:fc
cljs$core$PersistentArrayMap$createAsIfByAssocComplexPath:Rd
cljs$core$PersistentArrayMapIterator:Id
cljs$core$PersistentArrayMapSeq:Hd
cljs$core$PersistentHashMap:se
cljs$core$PersistentHashMap$EMPTY:Nd
cljs$core$PersistentVector:Y
cljs$core$PersistentVector$EMPTY:bc
cljs$core$PersistentVector$EMPTY_NODE:td
cljs$core$RangedIterator:ld
cljs$core$Reduced:Ob
cljs$core$StringBufferWriter:nb
cljs$core$Symbol:zb
cljs$core$TransientArrayMap:Ld
cljs$core$TransientHashMap:te
cljs$core$TransientVector:od
cljs$core$ValSeq:we
cljs$core$VectorNode:dd
cljs$core$_EQ_:R
cljs$core$_STAR_print_fn_STAR_:fa
cljs$core$_STAR_print_level_STAR_:ia
cljs$core$_STAR_print_newline_STAR_:ha
cljs$core$__destructure_map:Zc
cljs$core$_as_transient:eb
cljs$core$_assoc:Ia
cljs$core$_assoc_BANG_:hb
cljs$core$_chunked_first:jb
cljs$core$_chunked_rest:kb
cljs$core$_clj__GT_js:Oe
cljs$core$_conj:za
cljs$core$_conj_BANG_:fb
cljs$core$_contains_key_QMARK_:Ha
cljs$core$_count:va
cljs$core$_deref:Na
cljs$core$_drop_first:ib
cljs$core$_empty:xa
cljs$core$_equiv:Wa
cljs$core$_first:E
cljs$core$_hash:Xa
cljs$core$_indexOf$cljs$0core$0IFn$0_invoke$0arity$03:S
cljs$core$_iterator:mb
cljs$core$_key:Ka
cljs$core$_kv_reduce:Va
cljs$core$_lastIndexOf$cljs$0core$0IFn$0_invoke$0arity$03:U
cljs$core$_lookup:Ea
cljs$core$_meta:Pa
cljs$core$_nth:D
cljs$core$_persistent_BANG_:gb
cljs$core$_pr_writer:db
cljs$core$_reduce:Sa
cljs$core$_rest:G
cljs$core$_seq:Za
cljs$core$_val:La
cljs$core$_with_meta:Qa
cljs$core$_write:H
cljs$core$aclone:sa
cljs$core$apply:hc
cljs$core$apply$cljs$0core$0IFn$0_invoke$0arity$02:Xc
cljs$core$apply$cljs$0core$0IFn$0_invoke$0arity$03:Yc
cljs$core$apply_to:Rc
cljs$core$apply_to_simple$cljs$0core$0IFn$0_invoke$0arity$03:Tc
cljs$core$apply_to_simple$cljs$0core$0IFn$0_invoke$0arity$04:Uc
cljs$core$apply_to_simple$cljs$0core$0IFn$0_invoke$0arity$05:Vc
cljs$core$apply_to_simple$cljs$0core$0IFn$0_invoke$0arity$06:Wc
cljs$core$array__GT_transient_hash_map:Ud
cljs$core$array_copy:pc
cljs$core$array_for:jd
cljs$core$array_index_of:Ed
cljs$core$array_reduce$cljs$0core$0IFn$0_invoke$0arity$02:Rb
cljs$core$array_reduce$cljs$0core$0IFn$0_invoke$0arity$03:Sb
cljs$core$array_reduce$cljs$0core$0IFn$0_invoke$0arity$04:Tb
cljs$core$assoc:ec
cljs$core$bit_count:Cc
cljs$core$boolean$0:rc
cljs$core$bounded_count:Pc
cljs$core$char_escapes:Be
cljs$core$chunk_append:Oc
cljs$core$chunk_cons:Nc
cljs$core$chunked_seq:sd
cljs$core$chunked_seq$cljs$0core$0IFn$0_invoke$0arity$04:rd
cljs$core$chunked_seq$cljs$0core$0IFn$0_invoke$0arity$05:vd
cljs$core$chunked_seq_QMARK_:oc
cljs$core$clj__GT_js:Qe
cljs$core$clone_and_set$cljs$0core$0IFn$0_invoke$0arity$03:Wd
cljs$core$conj:ac
cljs$core$cons:V
cljs$core$contains_QMARK_:sc
cljs$core$count:T
cljs$core$counted_QMARK_:Ub
cljs$core$create_array_node_seq:ke
cljs$core$create_array_node_seq$cljs$0core$0IFn$0_invoke$0arity$01:je
cljs$core$create_array_node_seq$cljs$0core$0IFn$0_invoke$0arity$03:qe
cljs$core$create_inode_seq:ce
cljs$core$create_inode_seq$cljs$0core$0IFn$0_invoke$0arity$01:be
cljs$core$create_inode_seq$cljs$0core$0IFn$0_invoke$0arity$03:oe
cljs$core$create_node:ge
cljs$core$create_node$cljs$0core$0IFn$0_invoke$0arity$06:he
cljs$core$create_node$cljs$0core$0IFn$0_invoke$0arity$07:fe
cljs$core$deref:Qb
cljs$core$do_assoc:kd
cljs$core$edit_and_set$cljs$0core$0IFn$0_invoke$0arity$04:Xd
cljs$core$empty_ordered_hash:Lb
cljs$core$empty_unordered_hash:Nb
cljs$core$enable_console_print_BANG_:pa
cljs$core$equiv_map:Bd
cljs$core$equiv_sequential:Zb
cljs$core$es6_entries_iterator:Dd
cljs$core$es6_iterator:Ib
cljs$core$es6_iterator_seq:Fb
cljs$core$every_QMARK_:bd
cljs$core$first:N
cljs$core$get:Bb
cljs$core$get$cljs$0core$0IFn$0_invoke$0arity$02:Ab
cljs$core$get$cljs$0core$0IFn$0_invoke$0arity$03:Cb
cljs$core$hash:xb
cljs$core$hash_collision_node_find_index:le
cljs$core$hash_combine:yb
cljs$core$hash_ordered_coll:Kb
cljs$core$hash_string:wb
cljs$core$hash_unordered_coll:Mb
cljs$core$identity:Ac
cljs$core$imul:pb
cljs$core$indexed_QMARK_:Vb
cljs$core$inode_kv_reduce:Zd
cljs$core$into$cljs$0core$0IFn$0_invoke$0arity$02:cd
cljs$core$iter_reduce$cljs$0core$0IFn$0_invoke$0arity$02:xc
cljs$core$iter_reduce$cljs$0core$0IFn$0_invoke$0arity$03:yc
cljs$core$iterable_QMARK_:Eb
cljs$core$key:Sd
cljs$core$key__GT_js$cljs$0core$0IFn$0_invoke$0arity$02:Pe
cljs$core$key_test:Od
cljs$core$keys:Jd
cljs$core$keyword:Gc
cljs$core$lift_ns:Le
cljs$core$linear_traversal_nth$cljs$0core$0IFn$0_invoke$0arity$03:dc
cljs$core$lookup_sentinel:qc
cljs$core$m3_fmix:sb
cljs$core$m3_hash_unencoded_chars:tb
cljs$core$m3_mix_H1:rb
cljs$core$m3_mix_K1:qb
cljs$core$map:X
cljs$core$map_QMARK_:lc
cljs$core$map_entry_QMARK_:Gd
cljs$core$meta:jc
cljs$core$missing_protocol:z
cljs$core$name:Hc
cljs$core$namespace:Fc
cljs$core$native_satisfies_QMARK_:x
cljs$core$never_equiv:Ad
cljs$core$new_path:gd
cljs$core$next:P
cljs$core$next_STAR_:Sc
cljs$core$nth:Xb
cljs$core$nth$cljs$0core$0IFn$0_invoke$0arity$02:Wb
cljs$core$nth$cljs$0core$0IFn$0_invoke$0arity$03:W
cljs$core$pam_grow_seed_array:Qd
cljs$core$pam_new_size:Pd
cljs$core$pr_opts:ja
cljs$core$pr_sequential_writer:xe
cljs$core$pr_str_STAR_:ob
cljs$core$pr_str_with_opts:Ie
cljs$core$pr_writer:Z
cljs$core$pr_writer_impl:Ee
cljs$core$prim_seq$cljs$0core$0IFn$0_invoke$0arity$02:$b
cljs$core$print_map:Fe
cljs$core$print_meta_QMARK_:De
cljs$core$print_prefix_map:Me
cljs$core$println$cljs$0core$0IFn$0_invoke$0arity$0variadic:Je
cljs$core$push_tail:hd
cljs$core$pv_fresh_node:ed
cljs$core$pv_reduce$cljs$0core$0IFn$0_invoke$0arity$04:md
cljs$core$pv_reduce$cljs$0core$0IFn$0_invoke$0arity$05:nd
cljs$core$quot:Bc
cljs$core$quote_string:Ce
cljs$core$record_QMARK_:mc
cljs$core$reduce:vc
cljs$core$reduce$cljs$0core$0IFn$0_invoke$0arity$03:uc
cljs$core$reduce_kv:zc
cljs$core$reduced_QMARK_:Pb
cljs$core$rest:Gb
cljs$core$seq:J
cljs$core$seq_reduce$cljs$0core$0IFn$0_invoke$0arity$02:tc
cljs$core$seq_reduce$cljs$0core$0IFn$0_invoke$0arity$03:wc
cljs$core$sequential_QMARK_:kc
cljs$core$spread:Qc
cljs$core$str:B
cljs$core$string_hash_cache:ub
cljs$core$string_hash_cache_count:vb
cljs$core$string_print:Ae
cljs$core$strip_ns:Ke
cljs$core$symbol:Db
cljs$core$t_cljs$0core6243:ad
cljs$core$tail_off:fd
cljs$core$truth_:w
cljs$core$tv_editable_root:pd
cljs$core$tv_editable_tail:qd
cljs$core$tv_ensure_editable:wd
cljs$core$tv_push_tail:xd
cljs$core$type__GT_str:qa
cljs$core$unchecked_array_for:id
cljs$core$val:Td
cljs$core$vals:Kd
cljs$core$vector_QMARK_:nc
cljs$core$with_meta:ic
cljs$core$write_all$cljs$0core$0IFn$0_invoke$0arity$0variadic:ze
cljs$cst$0$flush_on_newline:ka
cljs$cst$1$readably:la
cljs$cst$105$more_marker:ye
cljs$cst$106$alt_impl:Ge
cljs$cst$107$fallback_impl:He
cljs$cst$126$keyword_fn:Re
cljs$cst$178$name:Ue
cljs$cst$179$knowledge:Ve
cljs$cst$180$attitude:Te
cljs$cst$181$epistemics:We
cljs$cst$182$prompt:Xe
cljs$cst$183$expert:Se
cljs$cst$2$meta:ma
cljs$cst$3$dup:na
cljs$cst$4$print_length:oa
goog$UID_PROPERTY_:aa
goog$string$StringBuffer:da
goog$typeOf:t
goog$uidCounter_:ba
module$contents$goog$object_getKeys:ca
shadow$js$shim$module$0fs:Ye
